#-----------------------------------------------------------
# Vivado v2021.1 (64-bit)
# SW Build 3247384 on Thu Jun 10 19:36:33 MDT 2021
# IP Build 3246043 on Fri Jun 11 00:30:35 MDT 2021
# Start of session at: Sun Nov 21 15:50:30 2021
# Process ID: 20712
# Current directory: C:/Users/asvam/vivado projects/One_Hot_State_Encoding_Moore_Sequence_Detector/One_Hot_State_Encoding_Moore_Sequence_Detector.runs/synth_1
# Command line: vivado.exe -log one_hot_moore_seq_det_ap.vds -product Vivado -mode batch -messageDb vivado.pb -notrace -source one_hot_moore_seq_det_ap.tcl
# Log file: C:/Users/asvam/vivado projects/One_Hot_State_Encoding_Moore_Sequence_Detector/One_Hot_State_Encoding_Moore_Sequence_Detector.runs/synth_1/one_hot_moore_seq_det_ap.vds
# Journal file: C:/Users/asvam/vivado projects/One_Hot_State_Encoding_Moore_Sequence_Detector/One_Hot_State_Encoding_Moore_Sequence_Detector.runs/synth_1\vivado.jou
#-----------------------------------------------------------
source one_hot_moore_seq_det_ap.tcl -notrace
